00:00 +0: loading /Users/walker/git/ttrpg_sim/test/unit/migration_test.dart                                                                                                                            00:01 +0: loading /Users/walker/git/ttrpg_sim/test/unit/migration_test.dart                                                                                                                            00:01 +0: loading /Users/walker/git/ttrpg_sim/test/unit/core/database/database_test.dart                                                                                                               00:01 +0: /Users/walker/git/ttrpg_sim/test/unit/core/database/database_test.dart: Database JSON Serialization Round-trip integrity of JSON attributes, skills, and traits                              00:01 +0: /Users/walker/git/ttrpg_sim/test/unit/core/rules/modular_rules_test.dart: ModularRulesController Tests Loads rules correctly from CSV                                                        
✅ Modular Rules Loaded: 3 Species, 3 Skills, 5 Pillars
00:01 +1: /Users/walker/git/ttrpg_sim/test/unit/core/database/database_test.dart: Database JSON Serialization Round-trip integrity of JSON attributes, skills, and traits                              00:01 +1: /Users/walker/git/ttrpg_sim/test/unit/core/rules/modular_rules_test.dart: ModularRulesController Tests getSpecies() filters by Genre                                                         
✅ Modular Rules Loaded: 3 Species, 3 Skills, 5 Pillars
00:01 +1: /Users/walker/git/ttrpg_sim/test/unit/migration_test.dart: Database creates with current schema successfully                                                                                 
🏗️ DATABASE CREATED! Instance ID: 1769998088137
00:01 +1: /Users/walker/git/ttrpg_sim/test/unit/core/database/database_test.dart: Database JSON Serialization Round-trip integrity of JSON attributes, skills, and traits                              
🏗️ DATABASE CREATED! Instance ID: 1769998088136
00:01 +2: /Users/walker/git/ttrpg_sim/test/unit/core/database/database_test.dart: Database JSON Serialization Round-trip integrity of JSON attributes, skills, and traits                              00:01 +3: /Users/walker/git/ttrpg_sim/test/unit/core/database/database_test.dart: Database JSON Serialization Round-trip integrity of JSON attributes, skills, and traits                              00:01 +4: /Users/walker/git/ttrpg_sim/test/unit/core/database/database_test.dart: Database JSON Serialization Round-trip integrity of JSON attributes, skills, and traits                              00:01 +4: /Users/walker/git/ttrpg_sim/test/unit/core/rules/modular_rules_test.dart: ModularRulesController Tests getSkills() filters by Genre                                                          
✅ Modular Rules Loaded: 3 Species, 3 Skills, 5 Pillars
00:01 +5: /Users/walker/git/ttrpg_sim/test/unit/core/database/database_test.dart: Database JSON Serialization Round-trip integrity of JSON attributes, skills, and traits                              00:01 +6: /Users/walker/git/ttrpg_sim/test/unit/core/database/database_test.dart: Database JSON Serialization Round-trip integrity of JSON attributes, skills, and traits                              00:01 +6: /Users/walker/git/ttrpg_sim/test/unit/core/rules/modular_rules_test.dart: ModularRulesController Tests getTraits() parses costs correctly                                                    
✅ Modular Rules Loaded: 3 Species, 3 Skills, 5 Pillars
00:01 +7: /Users/walker/git/ttrpg_sim/test/unit/core/database/database_test.dart: Database JSON Serialization Round-trip integrity of JSON attributes, skills, and traits                              00:01 +7: /Users/walker/git/ttrpg_sim/test/unit/core/rules/modular_rules_test.dart: ModularRulesController Tests getOrigins() filters by Genre                                                         
✅ Modular Rules Loaded: 3 Species, 3 Skills, 5 Pillars
00:01 +8: /Users/walker/git/ttrpg_sim/test/unit/core/database/database_test.dart: Database JSON Serialization Round-trip integrity of JSON attributes, skills, and traits                              00:01 +8: /Users/walker/git/ttrpg_sim/test/unit/core/rules/modular_rules_test.dart: ModularRulesController Tests getFeats() filters by Genre                                                           
✅ Modular Rules Loaded: 3 Species, 3 Skills, 5 Pillars
00:01 +9: /Users/walker/git/ttrpg_sim/test/unit/core/database/database_test.dart: Database JSON Serialization Round-trip integrity of JSON attributes, skills, and traits                              00:01 +9: /Users/walker/git/ttrpg_sim/test/unit/core/rules/modular_rules_test.dart: ModularRulesController Tests getItems() filters by Genre                                                           
✅ Modular Rules Loaded: 3 Species, 3 Skills, 5 Pillars
00:01 +10: /Users/walker/git/ttrpg_sim/test/unit/core/database/database_test.dart: Database JSON Serialization Round-trip integrity of JSON attributes, skills, and traits                             00:01 +11: /Users/walker/git/ttrpg_sim/test/unit/core/database/database_test.dart: Database JSON Serialization Round-trip integrity of JSON attributes, skills, and traits                             00:01 +12: /Users/walker/git/ttrpg_sim/test/unit/migration_test.dart: Database creates with current schema successfully                                                                                00:01 +13: /Users/walker/git/ttrpg_sim/test/unit/migration_test.dart: Database creates with current schema successfully                                                                                00:01 +13: /Users/walker/git/ttrpg_sim/test/unit/core/database/database_test.dart: Database JSON Serialization Handling of empty JSON defaults                                                         00:01 +13: /Users/walker/git/ttrpg_sim/test/unit/core/database/database_test.dart: Database JSON Serialization Handling of empty JSON defaults                                                         
🏗️ DATABASE CREATED! Instance ID: 1769998088181
00:01 +13: /Users/walker/git/ttrpg_sim/test/unit/migration_test.dart: Migration v14 -> v18 Correctly migrates FKs and Data                                                                             
🏗️ DATABASE CREATED! Instance ID: 1769998088181
00:01 +14: /Users/walker/git/ttrpg_sim/test/unit/migration_test.dart: Migration v14 -> v18 Correctly migrates FKs and Data                                                                             00:01 +14: /Users/walker/git/ttrpg_sim/test/unit/migration_test.dart: Migration v14 -> v18 Correctly migrates FKs and Data                                                                             
🛠️ v18: Recreating ChatMessages to fix FKs...
🛠️ v18: Recreating Inventory to fix FKs...
Migration v22 Info: Columns match existing schema or error: SqliteException(1): while executing, duplicate column name: armor_class, SQL logic error (code 1)
  Causing statement: ALTER TABLE "character" ADD COLUMN "armor_class" INTEGER NOT NULL DEFAULT 10;, parameters: 
00:01 +15: /Users/walker/git/ttrpg_sim/test/unit/migration_test.dart: Migration v14 -> v18 Correctly migrates FKs and Data                                                                             00:01 +15: loading /Users/walker/git/ttrpg_sim/test/unit/ai_prompt_builder_test.dart                                                                                                                   00:01 +15: /Users/walker/git/ttrpg_sim/test/unit/ai_prompt_builder_test.dart: AIPromptBuilder buildContextPrompt formats status and inventory correctly                                                00:01 +16: /Users/walker/git/ttrpg_sim/test/unit/ai_prompt_builder_test.dart: AIPromptBuilder buildContextPrompt formats status and inventory correctly                                                00:01 +16: /Users/walker/git/ttrpg_sim/test/unit/ai_prompt_builder_test.dart: AIPromptBuilder buildContextPrompt includes world knowledge when provided                                                00:01 +17: /Users/walker/git/ttrpg_sim/test/unit/ai_prompt_builder_test.dart: AIPromptBuilder buildContextPrompt includes world knowledge when provided                                                00:01 +17: /Users/walker/git/ttrpg_sim/test/unit/ai_prompt_builder_test.dart: AIPromptBuilder buildInstruction generates correct Session Zero prompt (Genesis Mode)                                    00:01 +18: /Users/walker/git/ttrpg_sim/test/unit/ai_prompt_builder_test.dart: AIPromptBuilder buildInstruction generates correct Session Zero prompt (Genesis Mode)                                    00:01 +18: /Users/walker/git/ttrpg_sim/test/unit/ai_prompt_builder_test.dart: AIPromptBuilder buildInstruction generates correct Atlas prompt (Atlas Mode)                                             00:01 +19: /Users/walker/git/ttrpg_sim/test/unit/ai_prompt_builder_test.dart: AIPromptBuilder buildInstruction generates correct Atlas prompt (Atlas Mode)                                             00:01 +19: loading /Users/walker/git/ttrpg_sim/test/unit/rules/verify_assets_test.dart                                                                                                                 00:01 +19: /Users/walker/git/ttrpg_sim/test/unit/rules/verify_assets_test.dart: System Assets Integrity All CSVs should parse without error                                                            00:01 +19: /Users/walker/git/ttrpg_sim/test/unit/rules/verify_assets_test.dart: System Assets Integrity All CSVs should parse without error                                                            
Verifying assets/system/Genres.csv (1 rows)...
Verifying assets/system/Attributes.csv (2 rows)...
Verifying assets/system/Skills.csv (1 rows)...
Verifying assets/system/Species.csv (23 rows)...
Verifying assets/system/Traits.csv (4 rows)...
Verifying assets/system/Origins.csv (20 rows)...
Verifying assets/system/Feats.csv (31 rows)...
Verifying assets/system/Items.csv (76 rows)...
00:01 +20: /Users/walker/git/ttrpg_sim/test/unit/rules/verify_assets_test.dart: System Assets Integrity All CSVs should parse without error                                                            00:01 +20: loading /Users/walker/git/ttrpg_sim/test/unit/game_controller_test.dart                                                                                                                     00:01 +20: /Users/walker/git/ttrpg_sim/test/unit/game_controller_test.dart: GameController Logic Tests Session Zero: Triggers when history is empty                                                    00:01 +21: /Users/walker/git/ttrpg_sim/test/unit/game_controller_test.dart: GameController Logic Tests Session Zero: Triggers when history is empty                                                    00:02 +21: /Users/walker/git/ttrpg_sim/test/unit/game_controller_test.dart: GameController Logic Tests Session Zero: Triggers when history is empty                                                    00:02 +22: /Users/walker/git/ttrpg_sim/test/unit/game_controller_test.dart: GameController Logic Tests Session Zero: Triggers when history is empty                                                    00:02 +23: /Users/walker/git/ttrpg_sim/test/unit/game_controller_test.dart: GameController Logic Tests Session Zero: Triggers when history is empty                                                    00:02 +24: /Users/walker/git/ttrpg_sim/test/unit/game_controller_test.dart: GameController Logic Tests Session Zero: Triggers when history is empty                                                    00:02 +25: /Users/walker/git/ttrpg_sim/test/unit/game_controller_test.dart: GameController Logic Tests Session Zero: Triggers when history is empty                                                    00:02 +26: /Users/walker/git/ttrpg_sim/test/unit/game_controller_test.dart: GameController Logic Tests Session Zero: Triggers when history is empty                                                    00:02 +27: /Users/walker/git/ttrpg_sim/test/unit/game_controller_test.dart: GameController Logic Tests Session Zero: Triggers when history is empty                                                    00:02 +28: /Users/walker/git/ttrpg_sim/test/unit/game_controller_test.dart: GameController Logic Tests Session Zero: Triggers when history is empty                                                    00:02 +29: /Users/walker/git/ttrpg_sim/test/unit/rules/magic_pillars_test.dart: Magic Pillars Tests Loads all 5 Universal Pillars                                                                      00:02 +29: /Users/walker/git/ttrpg_sim/test/unit/rules/magic_pillars_test.dart: Magic Pillars Tests Loads all 5 Universal Pillars                                                                      
✅ Modular Rules Loaded: 1 Species, 1 Skills, 5 Pillars
00:02 +30: /Users/walker/git/ttrpg_sim/test/unit/game_controller_test.dart: GameController Logic Tests Submit Action: Happy Path                                                                       00:02 +30: /Users/walker/git/ttrpg_sim/test/unit/rules/magic_pillars_test.dart: Magic Pillars Tests Pillars have correct names                                                                         
✅ Modular Rules Loaded: 1 Species, 1 Skills, 5 Pillars
00:02 +31: /Users/walker/git/ttrpg_sim/test/unit/game_controller_test.dart: GameController Logic Tests Submit Action: Happy Path                                                                       00:02 +31: /Users/walker/git/ttrpg_sim/test/unit/rules/magic_pillars_test.dart: Magic Pillars Tests Pillars have descriptions                                                                          
✅ Modular Rules Loaded: 1 Species, 1 Skills, 5 Pillars
00:02 +32: /Users/walker/git/ttrpg_sim/test/unit/game_controller_test.dart: GameController Logic Tests Submit Action: Happy Path                                                                       00:02 +32: /Users/walker/git/ttrpg_sim/test/unit/rules/magic_pillars_test.dart: Magic Pillars Tests Pillars have keywords                                                                              
✅ Modular Rules Loaded: 1 Species, 1 Skills, 5 Pillars
00:02 +33: /Users/walker/git/ttrpg_sim/test/unit/game_controller_test.dart: GameController Logic Tests Submit Action: Happy Path                                                                       00:02 +33: /Users/walker/git/ttrpg_sim/test/unit/rules/magic_pillars_test.dart: Magic Pillars Tests Handles empty MagicPillars.csv gracefully                                                          
✅ Modular Rules Loaded: 1 Species, 1 Skills, 0 Pillars
00:02 +34: /Users/walker/git/ttrpg_sim/test/unit/game_controller_test.dart: GameController Logic Tests Submit Action: Happy Path                                                                       00:02 +35: /Users/walker/git/ttrpg_sim/test/unit/game_controller_test.dart: GameController Logic Tests Submit Action: Happy Path                                                                       00:02 +35: /Users/walker/git/ttrpg_sim/test/unit/game_controller_test.dart: GameController Logic Tests Submit Action: Network Error Handling                                                           00:02 +36: /Users/walker/git/ttrpg_sim/test/unit/game_controller_test.dart: GameController Logic Tests Submit Action: Network Error Handling                                                           00:02 +37: /Users/walker/git/ttrpg_sim/test/unit/game_controller_test.dart: GameController Logic Tests Submit Action: Network Error Handling                                                           00:02 +38: /Users/walker/git/ttrpg_sim/test/unit/game_controller_test.dart: GameController Logic Tests Submit Action: Network Error Handling                                                           00:02 +38: /Users/walker/git/ttrpg_sim/test/unit/services/gemini_service_test.dart: GeminiService Tests sendMessage throws NetworkException on SocketException                                         
🚨 NETWORK EXCEPTION: SocketException: No Internet
00:02 +39: /Users/walker/git/ttrpg_sim/test/unit/game_controller_test.dart: GameController Logic Tests Submit Action: Network Error Handling                                                           00:02 +40: /Users/walker/git/ttrpg_sim/test/widget/character_creation_widget_test.dart: CharacterCreationScreen Widget Test                                                                            00:02 +40: /Users/walker/git/ttrpg_sim/test/features/world/world_management_test.dart: World Deletion should not throw SQLite error                                                                    
🏗️ DATABASE CREATED! Instance ID: 1769998089278
00:02 +40: /Users/walker/git/ttrpg_sim/test/widget/character_creation_widget_test.dart: CharacterCreationScreen Widget Test                                                                            00:02 +40: /Users/walker/git/ttrpg_sim/test/widget/character_creation_widget_test.dart: CharacterCreationScreen Widget Test                                                                            
✅ Modular Rules Loaded: 2 Species, 1 Skills, 5 Pillars
🏗️ DATABASE CREATED! Instance ID: 1769998089314
00:02 +40: /Users/walker/git/ttrpg_sim/test/features/world/world_management_test.dart: World Deletion should not throw SQLite error                                                                    
World deleted successfully
00:02 +41: /Users/walker/git/ttrpg_sim/test/widget/character_creation_widget_test.dart: CharacterCreationScreen Widget Test                                                                            00:02 +42: /Users/walker/git/ttrpg_sim/test/widget/character_creation_widget_test.dart: CharacterCreationScreen Widget Test                                                                            00:02 +42: /Users/walker/git/ttrpg_sim/test/menu_widget_test.dart: MainMenuScreen creates world with Custom genre                                                                                      
✅ Modular Rules Loaded: 2 Species, 1 Skills, 5 Pillars
🏗️ DATABASE CREATED! Instance ID: 1769998089397
00:02 +42: /Users/walker/git/ttrpg_sim/test/widget/character_creation_widget_test.dart: CharacterCreationScreen Widget Test                                                                            
DEBUG: Init Creation Start
00:02 +43: /Users/walker/git/ttrpg_sim/test/widget/character_creation_widget_test.dart: CharacterCreationScreen Widget Test                                                                            00:02 +44: /Users/walker/git/ttrpg_sim/test/widget/character_creation_widget_test.dart: CharacterCreationScreen Widget Test                                                                            00:02 +45: /Users/walker/git/ttrpg_sim/test/widget/character_creation_widget_test.dart: CharacterCreationScreen Widget Test                                                                            00:02 +46: /Users/walker/git/ttrpg_sim/test/widget/character_creation_widget_test.dart: CharacterCreationScreen Widget Test                                                                            00:02 +47: /Users/walker/git/ttrpg_sim/test/widget/character_creation_widget_test.dart: CharacterCreationScreen Widget Test                                                                            00:02 +48: /Users/walker/git/ttrpg_sim/test/widget/character_creation_widget_test.dart: CharacterCreationScreen Widget Test                                                                            00:02 +49: /Users/walker/git/ttrpg_sim/test/widget/character_creation_widget_test.dart: CharacterCreationScreen Widget Test                                                                            00:03 +49: /Users/walker/git/ttrpg_sim/test/widget/character_creation_widget_test.dart: CharacterCreationScreen Widget Test                                                                            00:03 +49: /Users/walker/git/ttrpg_sim/test/features/creation/character_creation_test.dart: Character Creation loads options and checks for overflow                                                   
🏗️ DATABASE CREATED! Instance ID: 1769998089715
00:03 +49: /Users/walker/git/ttrpg_sim/test/widget/character_creation_widget_test.dart: CharacterCreationScreen Widget Test                                                                            00:03 +49: /Users/walker/git/ttrpg_sim/test/game_integration_test.dart: (setUpAll)                                                                                                                     
✅ Modular Rules Loaded: 2 Species, 1 Skills, 5 Pillars
00:03 +49: /Users/walker/git/ttrpg_sim/test/widget/character_creation_widget_test.dart: CharacterCreationScreen Widget Test                                                                            00:03 +49: /Users/walker/git/ttrpg_sim/test/features/creation/character_creation_test.dart: Character Creation loads options and checks for overflow                                                   
✅ Modular Rules Loaded: 2 Species, 2 Skills, 0 Pillars
00:03 +50: /Users/walker/git/ttrpg_sim/test/menu_widget_test.dart: MainMenuScreen creates world with Custom genre                                                                                      00:03 +50: /Users/walker/git/ttrpg_sim/test/game_integration_test.dart: HP Update Integration Test                                                                                                     
🏗️ DATABASE CREATED! Instance ID: 1769998089887
00:03 +50: /Users/walker/git/ttrpg_sim/test/bdd/creation_flow_test.dart: BDD Scenario: Change Mind (Cancel Creation)                                                                                   
✅ Modular Rules Loaded: 2 Species, 1 Skills, 5 Pillars
🏗️ DATABASE CREATED! Instance ID: 1769998089934
00:03 +50: /Users/walker/git/ttrpg_sim/test/features/creation/character_creation_test.dart: Character Creation loads options and checks for overflow                                                   
DEBUG: Init Creation Start
00:03 +50: /Users/walker/git/ttrpg_sim/test/menu_widget_test.dart: MainMenuScreen creates world with Custom genre                                                                                      
DEBUG: Init Creation Start
00:03 +50: /Users/walker/git/ttrpg_sim/test/bdd/creation_flow_test.dart: BDD Scenario: Change Mind (Cancel Creation)                                                                                   
DEBUG: Init Creation Start
00:03 +50: /Users/walker/git/ttrpg_sim/test/menu_widget_test.dart: MainMenuScreen creates world with Custom genre                                                                                      00:03 +51: /Users/walker/git/ttrpg_sim/test/features/creation/character_creation_test.dart: Character Creation loads options and checks for overflow                                                   00:03 +52: /Users/walker/git/ttrpg_sim/test/game_integration_test.dart: HP Update Integration Test                                                                                                     00:03 +52: /Users/walker/git/ttrpg_sim/test/bdd/paid_api_key_test.dart: Paid API Key Settings Scenario: Configure Paid API Key                                                                         
🏗️ DATABASE CREATED! Instance ID: 1769998090297
00:03 +52: /Users/walker/git/ttrpg_sim/test/game_integration_test.dart: HP Update Integration Test                                                                                                     00:03 +52: /Users/walker/git/ttrpg_sim/test/bdd/creation_flow_test.dart: BDD Scenario: Change Mind (Cancel Creation)                                                                                   
DEBUG: Init Creation Start
00:03 +52: /Users/walker/git/ttrpg_sim/test/bdd/character_management_test.dart: Character Deletion (Partial Cascade)                                                                                   
✅ Modular Rules Loaded: 2 Species, 1 Skills, 5 Pillars
🏗️ DATABASE CREATED! Instance ID: 1769998090430
00:03 +53: /Users/walker/git/ttrpg_sim/test/game_integration_test.dart: HP Update Integration Test                                                                                                     00:03 +53: /Users/walker/git/ttrpg_sim/test/bdd/integrity_test.dart: Destructive Integrity Test: Deleting Dependency                                                                                   
🏗️ DATABASE CREATED! Instance ID: 1769998090582
00:03 +53: /Users/walker/git/ttrpg_sim/test/game_integration_test.dart: HP Update Integration Test                                                                                                     00:03 +54: /Users/walker/git/ttrpg_sim/test/game_integration_test.dart: HP Update Integration Test                                                                                                     00:03 +54: /Users/walker/git/ttrpg_sim/test/bdd/character_creation_flow_test.dart: Magic Archetype Creation - BDD Widget Tests Fantasy Mage - Matter Pillar                                            
🏗️ DATABASE CREATED! Instance ID: 1769998090642
00:03 +55: /Users/walker/git/ttrpg_sim/test/bdd/paid_api_key_test.dart: Paid API Key Settings Scenario: Configure Paid API Key                                                                         00:03 +55: /Users/walker/git/ttrpg_sim/test/game_integration_test.dart: Gold Update Integration Test                                                                                                   
🏗️ DATABASE CREATED! Instance ID: 1769998090656
00:03 +56: /Users/walker/git/ttrpg_sim/test/bdd/character_management_test.dart: Character Deletion (Partial Cascade)                                                                                   00:03 +56: /Users/walker/git/ttrpg_sim/test/bdd/paid_api_key_test.dart: Paid API Key Settings Scenario: Default mode is Fallback (no slider)                                                           
🏗️ DATABASE CREATED! Instance ID: 1769998090701
00:04 +56: /Users/walker/git/ttrpg_sim/test/bdd/character_creation_flow_test.dart: Magic Archetype Creation - BDD Widget Tests Fantasy Mage - Matter Pillar                                            
✅ Modular Rules Loaded: 4 Species, 4 Skills, 5 Pillars
00:04 +57: /Users/walker/git/ttrpg_sim/test/bdd/character_management_test.dart: Character Deletion (Partial Cascade)                                                                                   00:04 +57: /Users/walker/git/ttrpg_sim/test/game_integration_test.dart: Item Addition Integration Test                                                                                                 
🏗️ DATABASE CREATED! Instance ID: 1769998090804
00:04 +58: /Users/walker/git/ttrpg_sim/test/bdd/character_management_test.dart: Character Deletion (Partial Cascade)                                                                                   00:04 +58: /Users/walker/git/ttrpg_sim/test/bdd/paid_api_key_test.dart: Ghostwriting Model Selection Scenario: Ghostwriting section exists                                                             
🏗️ DATABASE CREATED! Instance ID: 1769998090812
00:04 +59: /Users/walker/git/ttrpg_sim/test/bdd/character_management_test.dart: Character Deletion (Partial Cascade)                                                                                   00:04 +60: /Users/walker/git/ttrpg_sim/test/bdd/character_creation_flow_test.dart: Magic Archetype Creation - BDD Widget Tests Fantasy Mage - Matter Pillar                                            00:04 +60: /Users/walker/git/ttrpg_sim/test/bdd/character_management_test.dart: Empty World Character Creation (Bug Fix)                                                                               
✅ Modular Rules Loaded: 2 Species, 1 Skills, 5 Pillars
🏗️ DATABASE CREATED! Instance ID: 1769998090902
00:04 +60: /Users/walker/git/ttrpg_sim/test/bdd/character_creation_flow_test.dart: Magic Archetype Creation - BDD Widget Tests Fantasy Mage - Matter Pillar                                            
DEBUG: Init Creation Start
00:04 +60: /Users/walker/git/ttrpg_sim/test/bdd/character_management_test.dart: Empty World Character Creation (Bug Fix)                                                                               
DEBUG: Init Creation Start
00:04 +60: /Users/walker/git/ttrpg_sim/test/bdd/character_creation_flow_test.dart: Magic Archetype Creation - BDD Widget Tests Fantasy Mage - Matter Pillar                                            00:04 +60: /Users/walker/git/ttrpg_sim/test/bdd/edge_cases_test.dart: Edge Cases Scenario: Cascading Delete                                                                                            
✅ Modular Rules Loaded: 2 Species, 1 Skills, 5 Pillars
🏗️ DATABASE CREATED! Instance ID: 1769998090960
00:04 +61: /Users/walker/git/ttrpg_sim/test/bdd/character_creation_flow_test.dart: Magic Archetype Creation - BDD Widget Tests Fantasy Mage - Matter Pillar                                            00:04 +61: /Users/walker/git/ttrpg_sim/test/bdd/edge_cases_test.dart: Edge Cases Scenario: Empty Input Guard                                                                                           
✅ Modular Rules Loaded: 2 Species, 1 Skills, 5 Pillars
🏗️ DATABASE CREATED! Instance ID: 1769998091026
00:04 +62: /Users/walker/git/ttrpg_sim/test/bdd/character_creation_flow_test.dart: Magic Archetype Creation - BDD Widget Tests Fantasy Mage - Matter Pillar                                            00:04 +62: /Users/walker/git/ttrpg_sim/test/game_integration_test.dart: Item Removal Integration Test                                                                                                  
🏗️ DATABASE CREATED! Instance ID: 1769998091037
00:04 +63: /Users/walker/git/ttrpg_sim/test/bdd/character_creation_flow_test.dart: Magic Archetype Creation - BDD Widget Tests Fantasy Mage - Matter Pillar                                            00:04 +63: /Users/walker/git/ttrpg_sim/test/bdd/gameplay_loop_test.dart: BDD Scenario: Session Zero (Genesis Mode)                                                                                     
🏗️ DATABASE CREATED! Instance ID: 1769998091214
00:04 +64: /Users/walker/git/ttrpg_sim/test/bdd/character_creation_flow_test.dart: Magic Archetype Creation - BDD Widget Tests Fantasy Mage - Matter Pillar                                            00:04 +64: /Users/walker/git/ttrpg_sim/test/game_integration_test.dart: Atlas System CRUD                                                                                                              
🏗️ DATABASE CREATED! Instance ID: 1769998091247
00:04 +65: /Users/walker/git/ttrpg_sim/test/bdd/character_creation_flow_test.dart: Magic Archetype Creation - BDD Widget Tests Fantasy Mage - Matter Pillar                                            00:04 +65: /Users/walker/git/ttrpg_sim/test/game_integration_test.dart: Location Generation via Function Call                                                                                          
🏗️ DATABASE CREATED! Instance ID: 1769998091257
00:04 +66: /Users/walker/git/ttrpg_sim/test/bdd/character_creation_flow_test.dart: Magic Archetype Creation - BDD Widget Tests Fantasy Mage - Matter Pillar                                            00:04 +67: /Users/walker/git/ttrpg_sim/test/bdd/character_creation_flow_test.dart: Magic Archetype Creation - BDD Widget Tests Fantasy Mage - Matter Pillar                                            00:04 +67: /Users/walker/git/ttrpg_sim/test/bdd/death_flow_test.dart: BDD Scenario: Hero Dies                                                                                                          
✅ Modular Rules Loaded: 2 Species, 1 Skills, 5 Pillars
🏗️ DATABASE CREATED! Instance ID: 1769998091469
00:04 +67: /Users/walker/git/ttrpg_sim/test/bdd/character_creation_flow_test.dart: Magic Archetype Creation - BDD Widget Tests Fantasy Mage - Matter Pillar                                            00:04 +67: /Users/walker/git/ttrpg_sim/test/bdd/world_management_test.dart: World Creation and Deletion (Cascading)                                                                                    
🏗️ DATABASE CREATED! Instance ID: 1769998091620
00:04 +67: /Users/walker/git/ttrpg_sim/test/bdd/character_creation_flow_test.dart: Magic Archetype Creation - BDD Widget Tests Fantasy Mage - Matter Pillar                                            00:05 +67: /Users/walker/git/ttrpg_sim/test/bdd/character_creation_flow_test.dart: Magic Archetype Creation - BDD Widget Tests Fantasy Mage - Matter Pillar                                            00:05 +68: /Users/walker/git/ttrpg_sim/test/bdd/gameplay_loop_test.dart: BDD Scenario: Session Zero (Genesis Mode)                                                                                     00:05 +68: /Users/walker/git/ttrpg_sim/test/bdd/character_creation_flow_test.dart: Magic Archetype Creation - BDD Widget Tests Superhero Blaster - Energy Pillar                                       
🏗️ DATABASE CREATED! Instance ID: 1769998091721
✅ Modular Rules Loaded: 4 Species, 4 Skills, 5 Pillars
DEBUG: Init Creation Start
00:05 +68: /Users/walker/git/ttrpg_sim/test/bdd/game_state_update_test.dart: BDD Scenario: AI Updates Game State (HP, Gold, Inventory)                                                                 
🏗️ DATABASE CREATED! Instance ID: 1769998091797
00:05 +69: /Users/walker/git/ttrpg_sim/test/bdd/death_flow_test.dart: BDD Scenario: Hero Dies                                                                                                          00:05 +69: /Users/walker/git/ttrpg_sim/test/bdd/gameplay_loop_test.dart: BDD Scenario: Dice Engine (Skill Check)                                                                                       
🏗️ DATABASE CREATED! Instance ID: 1769998091807
00:05 +69: /Users/walker/git/ttrpg_sim/test/bdd/death_flow_test.dart: BDD Scenario: Hero Dies                                                                                                          00:05 +70: /Users/walker/git/ttrpg_sim/test/bdd/death_flow_test.dart: BDD Scenario: Hero Dies                                                                                                          00:05 +70: /Users/walker/git/ttrpg_sim/test/bdd/settings_flow_test.dart: BDD Scenario: Invalid API Key                                                                                                 
🏗️ DATABASE CREATED! Instance ID: 1769998091970
00:05 +71: /Users/walker/git/ttrpg_sim/test/bdd/death_flow_test.dart: BDD Scenario: Hero Dies                                                                                                          00:05 +72: /Users/walker/git/ttrpg_sim/test/bdd/world_management_test.dart: World Creation and Deletion (Cascading)                                                                                    00:05 +72: /Users/walker/git/ttrpg_sim/test/bdd/character_creation_flow_test.dart: Magic Archetype Creation - BDD Widget Tests Horror Psychic - Mind Pillar                                            
🏗️ DATABASE CREATED! Instance ID: 1769998092084
✅ Modular Rules Loaded: 4 Species, 4 Skills, 5 Pillars
DEBUG: Init Creation Start
00:05 +73: /Users/walker/git/ttrpg_sim/test/bdd/game_state_update_test.dart: BDD Scenario: AI Updates Game State (HP, Gold, Inventory)                                                                 00:05 +74: /Users/walker/git/ttrpg_sim/test/bdd/game_state_update_test.dart: BDD Scenario: AI Updates Game State (HP, Gold, Inventory)                                                                 00:05 +75: /Users/walker/git/ttrpg_sim/test/bdd/settings_flow_test.dart: BDD Scenario: Invalid API Key                                                                                                 00:05 +76: /Users/walker/git/ttrpg_sim/test/bdd/settings_flow_test.dart: BDD Scenario: Invalid API Key                                                                                                 00:05 +76: All tests passed!                                                                                                                                                                           
